kirigayashu@kirigayshinoMBP git_challenge % git add hello_world.txt 
kirigayashu@kirigayshinoMBP git_challenge % git commit -m "hello_world.txtを追加"
[main (root-commit) 68e968f] hello_world.txtを追加
 1 file changed, 1 insertion(+)
 create mode 100644 hello_world.txt
kirigayashu@kirigayshinoMBP git_challenge % git add hello_world.txt              
kirigayashu@kirigayshinoMBP git_challenge % git commit -m "日本語訳を追記"       
[main 4c64931] 日本語訳を追記
 1 file changed, 1 insertion(+)
kirigayashu@kirigayshinoMBP git_challenge % git log --oneline
4c64931 (HEAD -> main) 日本語訳を追記
68e968f hello_world.txtを追加